#
# There is insufficient memory for the Java Runtime Environment to continue.
# Native memory allocation (malloc) failed to allocate 1385312 bytes. Error detail: Chunk::new
# Possible reasons:
#   The system is out of physical RAM or swap space
#   This process is running with CompressedOops enabled, and the Java Heap may be blocking the growth of the native heap
# Possible solutions:
#   Reduce memory load on the system
#   Increase physical memory or swap space
#   Check if swap backing store is full
#   Decrease Java heap size (-Xmx/-Xms)
#   Decrease number of Java threads
#   Decrease Java thread stack sizes (-Xss)
#   Set larger code cache with -XX:ReservedCodeCacheSize=
#   JVM is running with Unscaled Compressed Oops mode in which the Java heap is
#     placed in the first 4GB address space. The Java Heap base address is the
#     maximum limit for the native heap growth. Please use -XX:HeapBaseMinAddress
#     to set the Java Heap base and to place the Java Heap above 4GB virtual address.
# This output file may be truncated or incomplete.
#
#  Out of Memory Error (arena.cpp:168), pid=11112, tid=4008
#
# JRE version: OpenJDK Runtime Environment Temurin-21.0.11+10 (21.0.11+10) (build 21.0.11+10-LTS)
# Java VM: OpenJDK 64-Bit Server VM Temurin-21.0.11+10 (21.0.11+10-LTS, mixed mode, sharing, tiered, compressed oops, compressed class ptrs, parallel gc, windows-amd64)
# No core dump will be written. Minidumps are not enabled by default on client versions of Windows
#

---------------  S U M M A R Y ------------

Command Line: --add-modules=ALL-SYSTEM --add-opens=java.base/java.util=ALL-UNNAMED --add-opens=java.base/java.lang=ALL-UNNAMED --add-opens=java.base/sun.nio.fs=ALL-UNNAMED -Declipse.application=org.eclipse.jdt.ls.core.id1 -Dosgi.bundles.defaultStartLevel=4 -Declipse.product=org.eclipse.jdt.ls.core.product -Djava.import.generatesMetadataFilesAtProjectRoot=false -DDetectVMInstallationsJob.disabled=true -Dfile.encoding=utf8 -XX:+UseParallelGC -XX:GCTimeRatio=4 -XX:AdaptiveSizePolicyWeight=90 -Dsun.zip.disableMemoryMapping=true -Xmx2G -Xms100m -Xlog:disable -javaagent:c:\Users\Lenovo\.vscode\extensions\redhat.java-1.55.0-win32-x64\lombok\lombok-1.18.39-4050.jar -XX:+HeapDumpOnOutOfMemoryError -XX:HeapDumpPath=c:\Users\Lenovo\AppData\Roaming\Code\User\workspaceStorage\e4f40532d8fa23a9e1e55259a715fcef\redhat.java -Daether.dependencyCollector.impl=bf c:\Users\Lenovo\.vscode\extensions\redhat.java-1.55.0-win32-x64\server\plugins\org.eclipse.equinox.launcher_1.7.200.v20260619-2039.jar -configuration c:\Users\Lenovo\AppData\Roaming\Code\User\globalStorage\redhat.java\1.55.0\config_win -data c:\Users\Lenovo\AppData\Roaming\Code\User\workspaceStorage\e4f40532d8fa23a9e1e55259a715fcef\redhat.java\jdt_ws --pipe=\\.\pipe\lsp-20ad890354eaf3e4f36442aa91a4b5d5-sock

Host: AMD Ryzen 3 3250U with Radeon Graphics         , 4 cores, 3G,  Windows 11 , 64 bit Build 26100 (10.0.26100.8737)
Time: Wed Jul  1 19:50:19 2026 India Standard Time elapsed time: 92.751610 seconds (0d 0h 1m 32s)

---------------  T H R E A D  ---------------

Current thread (0x0000016e56369850):  JavaThread "C2 CompilerThread0" daemon [_thread_in_native, id=4008, stack(0x0000005a5dc00000,0x0000005a5dd00000) (1024K)]


Current CompileTask:
C2:92751 6389       4       java.lang.invoke.MethodType::makeImpl (109 bytes)

Stack: [0x0000005a5dc00000,0x0000005a5dd00000]
Native frames: (J=compiled Java code, j=interpreted, Vv=VM code, C=native code)
V  [jvm.dll+0x6d7e19]
V  [jvm.dll+0x8b5096]
V  [jvm.dll+0x8b764e]
V  [jvm.dll+0x8b7d33]
V  [jvm.dll+0x284596]
V  [jvm.dll+0xc685d]
V  [jvm.dll+0xc6da1]
V  [jvm.dll+0x3bed6b]
V  [jvm.dll+0x1e4149]
V  [jvm.dll+0x24c853]
V  [jvm.dll+0x24bce0]
V  [jvm.dll+0x1cb4ae]
V  [jvm.dll+0x25baad]
V  [jvm.dll+0x25a03a]
V  [jvm.dll+0x3f868e]
V  [jvm.dll+0x85fb0d]
V  [jvm.dll+0x6d664d]
C  [ucrtbase.dll+0x2cd30]
C  [KERNEL32.DLL+0x2e957]
C  [ntdll.dll+0xaad6c]


---------------  P R O C E S S  ---------------

Threads class SMR info:
_java_thread_list=0x0000016e9fa916c0, length=35, elements={
0x0000016e3d6c8d00, 0x0000016e3fa2b080, 0x0000016e3fa2e920, 0x0000016e563628d0,
0x0000016e56363530, 0x0000016e56365fa0, 0x0000016e56366a00, 0x0000016e56369850,
0x0000016e563ce170, 0x0000016e9c151880, 0x0000016e9c280e70, 0x0000016e9c959720,
0x0000016e9c7d0390, 0x0000016e9c954e90, 0x0000016e9cb6dff0, 0x0000016e9ce0c1b0,
0x0000016e9cb82490, 0x0000016e9cb81770, 0x0000016e9cb81e00, 0x0000016e9cb7f010,
0x0000016e9cb7fd30, 0x0000016e9cb803c0, 0x0000016e9d611440, 0x0000016e9cb7f6a0,
0x0000016e9cb810e0, 0x0000016e9cf59680, 0x0000016e9cf5b0c0, 0x0000016e9cf5bde0,
0x0000016e9cf5aa30, 0x0000016e9cf5b750, 0x0000016e9cf5a3a0, 0x0000016e9cf59d10,
0x0000016e9cf5c470, 0x0000016e9cf5d820, 0x0000016e9cf5deb0
}

Java Threads: ( => current thread )
  0x0000016e3d6c8d00 JavaThread "main"                              [_thread_blocked, id=12476, stack(0x0000005a5d200000,0x0000005a5d300000) (1024K)]
  0x0000016e3fa2b080 JavaThread "Reference Handler"          daemon [_thread_blocked, id=13976, stack(0x0000005a5d600000,0x0000005a5d700000) (1024K)]
  0x0000016e3fa2e920 JavaThread "Finalizer"                  daemon [_thread_blocked, id=3492, stack(0x0000005a5d700000,0x0000005a5d800000) (1024K)]
  0x0000016e563628d0 JavaThread "Signal Dispatcher"          daemon [_thread_blocked, id=10572, stack(0x0000005a5d800000,0x0000005a5d900000) (1024K)]
  0x0000016e56363530 JavaThread "Attach Listener"            daemon [_thread_blocked, id=7584, stack(0x0000005a5d900000,0x0000005a5da00000) (1024K)]
  0x0000016e56365fa0 JavaThread "Service Thread"             daemon [_thread_blocked, id=14416, stack(0x0000005a5da00000,0x0000005a5db00000) (1024K)]
  0x0000016e56366a00 JavaThread "Monitor Deflation Thread"   daemon [_thread_blocked, id=6980, stack(0x0000005a5db00000,0x0000005a5dc00000) (1024K)]
=>0x0000016e56369850 JavaThread "C2 CompilerThread0"         daemon [_thread_in_native, id=4008, stack(0x0000005a5dc00000,0x0000005a5dd00000) (1024K)]
  0x0000016e563ce170 JavaThread "C1 CompilerThread0"         daemon [_thread_in_native, id=16332, stack(0x0000005a5dd00000,0x0000005a5de00000) (1024K)]
  0x0000016e9c151880 JavaThread "Common-Cleaner"             daemon [_thread_blocked, id=9836, stack(0x0000005a5de00000,0x0000005a5df00000) (1024K)]
  0x0000016e9c280e70 JavaThread "Notification Thread"        daemon [_thread_blocked, id=14012, stack(0x0000005a5df00000,0x0000005a5e000000) (1024K)]
  0x0000016e9c959720 JavaThread "Active Thread: Equinox Container: f2446ec0-b3e0-4c8f-86c0-0e1c6da29a48"        [_thread_blocked, id=9984, stack(0x0000005a5e700000,0x0000005a5e800000) (1024K)]
  0x0000016e9c7d0390 JavaThread "Framework Event Dispatcher: Equinox Container: f2446ec0-b3e0-4c8f-86c0-0e1c6da29a48" daemon [_thread_blocked, id=7412, stack(0x0000005a5e300000,0x0000005a5e400000) (1024K)]
  0x0000016e9c954e90 JavaThread "Start Level: Equinox Container: f2446ec0-b3e0-4c8f-86c0-0e1c6da29a48" daemon [_thread_blocked, id=6776, stack(0x0000005a5e400000,0x0000005a5e500000) (1024K)]
  0x0000016e9cb6dff0 JavaThread "Bundle File Closer"         daemon [_thread_blocked, id=9140, stack(0x0000005a5e500000,0x0000005a5e600000) (1024K)]
  0x0000016e9ce0c1b0 JavaThread "Refresh Thread: Equinox Container: f2446ec0-b3e0-4c8f-86c0-0e1c6da29a48" daemon [_thread_blocked, id=13920, stack(0x0000005a5e600000,0x0000005a5e700000) (1024K)]
  0x0000016e9cb82490 JavaThread "SCR Component Actor"        daemon [_thread_blocked, id=10056, stack(0x0000005a5d100000,0x0000005a5d200000) (1024K)]
  0x0000016e9cb81770 JavaThread "Worker-JM"                         [_thread_blocked, id=16912, stack(0x0000005a5e800000,0x0000005a5e900000) (1024K)]
  0x0000016e9cb81e00 JavaThread "Worker-0: Repository registry initialization"        [_thread_in_native, id=8820, stack(0x0000005a5e900000,0x0000005a5ea00000) (1024K)]
  0x0000016e9cb7f010 JavaThread "Worker-1: Updating Maven Dependencies"        [_thread_blocked, id=15304, stack(0x0000005a5ea00000,0x0000005a5eb00000) (1024K)]
  0x0000016e9cb7fd30 JavaThread "Worker-2: Loading available Gradle versions"        [_thread_in_native, id=14572, stack(0x0000005a5eb00000,0x0000005a5ec00000) (1024K)]
  0x0000016e9cb803c0 JavaThread "Worker-3: Initialize After Load"        [_thread_blocked, id=14092, stack(0x0000005a5ec00000,0x0000005a5ed00000) (1024K)]
  0x0000016e9d611440 JavaThread "C2 CompilerThread1"         daemon [_thread_in_native, id=3272, stack(0x0000005a5ed00000,0x0000005a5ee00000) (1024K)]
  0x0000016e9cb7f6a0 JavaThread "Java indexing"              daemon [_thread_blocked, id=6888, stack(0x0000005a5ee00000,0x0000005a5ef00000) (1024K)]
  0x0000016e9cb810e0 JavaThread "JNA Cleaner"                daemon [_thread_blocked, id=3620, stack(0x0000005a5f000000,0x0000005a5f100000) (1024K)]
  0x0000016e9cf59680 JavaThread "Worker-4"                          [_thread_blocked, id=9212, stack(0x0000005a5f300000,0x0000005a5f400000) (1024K)]
  0x0000016e9cf5b0c0 JavaThread "Worker-5"                          [_thread_blocked, id=14284, stack(0x0000005a5f400000,0x0000005a5f500000) (1024K)]
  0x0000016e9cf5bde0 JavaThread "Thread-1"                   daemon [_thread_in_native, id=11272, stack(0x0000005a5f500000,0x0000005a5f600000) (1024K)]
  0x0000016e9cf5aa30 JavaThread "Thread-2"                   daemon [_thread_in_native, id=15536, stack(0x0000005a5f600000,0x0000005a5f700000) (1024K)]
  0x0000016e9cf5b750 JavaThread "Thread-3"                   daemon [_thread_in_native, id=16828, stack(0x0000005a5f700000,0x0000005a5f800000) (1024K)]
  0x0000016e9cf5a3a0 JavaThread "Thread-4"                   daemon [_thread_in_native, id=14444, stack(0x0000005a5f800000,0x0000005a5f900000) (1024K)]
  0x0000016e9cf59d10 JavaThread "Thread-5"                   daemon [_thread_in_native, id=10764, stack(0x0000005a5f900000,0x0000005a5fa00000) (1024K)]
  0x0000016e9cf5c470 JavaThread "pool-2-thread-1"                   [_thread_blocked, id=11696, stack(0x0000005a5fa00000,0x0000005a5fb00000) (1024K)]
  0x0000016e9cf5d820 JavaThread "WorkspaceEventsHandler"            [_thread_blocked, id=3024, stack(0x0000005a5fb00000,0x0000005a5fc00000) (1024K)]
  0x0000016e9cf5deb0 JavaThread "pool-1-thread-1"                   [_thread_in_vm, id=18224, stack(0x0000005a5fc00000,0x0000005a5fd00000) (1024K)]
Total: 35

Other Threads:
  0x0000016e5635e8d0 VMThread "VM Thread"                           [id=8964, stack(0x0000005a5d500000,0x0000005a5d600000) (1024K)]
  0x0000016e562fca10 WatcherThread "VM Periodic Task Thread"        [id=13644, stack(0x0000005a5d400000,0x0000005a5d500000) (1024K)]
  0x0000016e3f989fb0 WorkerThread "GC Thread#0"                     [id=17784, stack(0x0000005a5d300000,0x0000005a5d400000) (1024K)]
  0x0000016e9c865700 WorkerThread "GC Thread#1"                     [id=11212, stack(0x0000005a5e000000,0x0000005a5e100000) (1024K)]
  0x0000016e9c865ab0 WorkerThread "GC Thread#2"                     [id=4012, stack(0x0000005a5e100000,0x0000005a5e200000) (1024K)]
  0x0000016e9c46c460 WorkerThread "GC Thread#3"                     [id=948, stack(0x0000005a5e200000,0x0000005a5e300000) (1024K)]
Total: 6

Threads with active compile tasks:
C2 CompilerThread0  92976 6389       4       java.lang.invoke.MethodType::makeImpl (109 bytes)
C2 CompilerThread1  92976 6395   !   4       org.eclipse.osgi.internal.loader.classpath.ClasspathManager::findClassImpl (328 bytes)
Total: 2

VM state: not at safepoint (normal execution)

VM Mutex/Monitor currently owned by a thread: None

Heap address: 0x0000000080000000, size: 2048 MB, Compressed Oops mode: 32-bit

CDS archive(s) mapped at: [0x0000016e57000000-0x0000016e57ba0000-0x0000016e57ba0000), size 12189696, SharedBaseAddress: 0x0000016e57000000, ArchiveRelocationMode: 1.
Compressed class space mapped at: 0x0000016e58000000-0x0000016e98000000, reserved size: 1073741824
Narrow klass base: 0x0000016e57000000, Narrow klass shift: 0, Narrow klass range: 0x100000000

GC Precious Log:
 CardTable entry size: 512
 CPUs: 4 total, 4 available
 Memory: 3460M
 Large Page Support: Disabled
 NUMA Support: Disabled
 Compressed Oops: Enabled (32-bit)
 Alignments: Space 512K, Generation 512K, Heap 2M
 Heap Min Capacity: 100M
 Heap Initial Capacity: 100M
 Heap Max Capacity: 2G
 Pre-touch: Disabled
 Parallel Workers: 4

Heap:
 PSYoungGen      total 24064K, used 4674K [0x00000000d5580000, 0x00000000d7000000, 0x0000000100000000)
  eden space 22016K, 13% used [0x00000000d5580000,0x00000000d5878828,0x00000000d6b00000)
  from space 2048K, 79% used [0x00000000d6e00000,0x00000000d6f98000,0x00000000d7000000)
  to   space 2560K, 0% used [0x00000000d6b00000,0x00000000d6b00000,0x00000000d6d80000)
 ParOldGen       total 68608K, used 21750K [0x0000000080000000, 0x0000000084300000, 0x00000000d5580000)
  object space 68608K, 31% used [0x0000000080000000,0x000000008153db38,0x0000000084300000)
 Metaspace       used 46056K, committed 47104K, reserved 1114112K
  class space    used 4994K, committed 5440K, reserved 1048576K

Card table byte_map: [0x0000016e3f330000,0x0000016e3f740000] _byte_map_base: 0x0000016e3ef30000

Marking Bits: (ParMarkBitMap*) 0x00007ff93bdd4460
 Begin Bits: [0x0000016e51e20000, 0x0000016e53e20000)
 End Bits:   [0x0000016e53e20000, 0x0000016e55e20000)

Polling page: 0x0000016e3d680000

Metaspace:

Usage:
  Non-class:     40.10 MB used.
      Class:      4.88 MB used.
       Both:     44.98 MB used.

Virtual space:
  Non-class space:       64.00 MB reserved,      40.69 MB ( 64%) committed,  1 nodes.
      Class space:        1.00 GB reserved,       5.31 MB ( <1%) committed,  1 nodes.
             Both:        1.06 GB reserved,      46.00 MB (  4%) committed. 

Chunk freelists:
   Non-Class:  7.19 MB
       Class:  10.56 MB
        Both:  17.75 MB

MaxMetaspaceSize: unlimited
CompressedClassSpaceSize: 1.00 GB
Initial GC threshold: 21.00 MB
Current GC threshold: 58.38 MB
CDS: on
 - commit_granule_bytes: 65536.
 - commit_granule_words: 8192.
 - virtual_space_node_default_size: 8388608.
 - enlarge_chunks_in_place: 1.
 - use_allocation_guard: 0.


Internal statistics:

num_allocs_failed_limit: 6.
num_arena_births: 756.
num_arena_deaths: 14.
num_vsnodes_births: 2.
num_vsnodes_deaths: 0.
num_space_committed: 736.
num_space_uncommitted: 0.
num_chunks_returned_to_freelist: 20.
num_chunks_taken_from_freelist: 2610.
num_chunk_merges: 10.
num_chunk_splits: 1668.
num_chunks_enlarged: 1004.
num_inconsistent_stats: 0.

CodeHeap 'non-profiled nmethods': size=120000Kb used=3108Kb max_used=3108Kb free=116891Kb
 bounds [0x0000016e4a640000, 0x0000016e4a960000, 0x0000016e51b70000]
CodeHeap 'profiled nmethods': size=120000Kb used=12297Kb max_used=12297Kb free=107703Kb
 bounds [0x0000016e42b70000, 0x0000016e43780000, 0x0000016e4a0a0000]
CodeHeap 'non-nmethods': size=5760Kb used=1377Kb max_used=1403Kb free=4382Kb
 bounds [0x0000016e4a0a0000, 0x0000016e4a310000, 0x0000016e4a640000]
CodeCache: size=245760Kb, used=16782Kb, max_used=16808Kb, free=228976Kb
 total_blobs=6465, nmethods=5790, adapters=581, full_count=0
Compilation: enabled, stopped_count=0, restarted_count=0

Compilation events (20 events):
Event: 92.395 Thread 0x0000016e563ce170 nmethod 6444 0x0000016e43755710 code [0x0000016e43755920, 0x0000016e43755e30]
Event: 92.396 Thread 0x0000016e563ce170 6445       3       org.objectweb.asm.FieldVisitor::<init> (7 bytes)
Event: 92.396 Thread 0x0000016e563ce170 nmethod 6445 0x0000016e43756010 code [0x0000016e437561c0, 0x0000016e43756308]
Event: 92.396 Thread 0x0000016e563ce170 6446       3       org.objectweb.asm.FieldWriter::visitEnd (1 bytes)
Event: 92.396 Thread 0x0000016e563ce170 nmethod 6446 0x0000016e42ea8590 code [0x0000016e42ea8720, 0x0000016e42ea8828]
Event: 92.400 Thread 0x0000016e563ce170 6447       3       java.lang.invoke.BoundMethodHandle$Species_LL::copyWithExtendL (25 bytes)
Event: 92.400 Thread 0x0000016e563ce170 nmethod 6447 0x0000016e43756390 code [0x0000016e43756560, 0x0000016e437569d8]
Event: 92.402 Thread 0x0000016e563ce170 6448       3       java.lang.invoke.DirectMethodHandle$Holder::putReference (29 bytes)
Event: 92.402 Thread 0x0000016e563ce170 nmethod 6448 0x0000016e43756b10 code [0x0000016e43756ce0, 0x0000016e43757310]
Event: 92.404 Thread 0x0000016e563ce170 6449       3       com.google.inject.spi.Dependency::get (15 bytes)
Event: 92.406 Thread 0x0000016e563ce170 nmethod 6449 0x0000016e43757510 code [0x0000016e43757760, 0x0000016e437580b0]
Event: 92.409 Thread 0x0000016e563ce170 6450       3       java.util.IdentityHashMap::get (60 bytes)
Event: 92.409 Thread 0x0000016e563ce170 nmethod 6450 0x0000016e43758490 code [0x0000016e43758680, 0x0000016e43758ad0]
Event: 92.413 Thread 0x0000016e563ce170 6452       3       org.eclipse.sisu.inject.InjectorBindings::isAssignableFrom (29 bytes)
Event: 92.414 Thread 0x0000016e563ce170 nmethod 6452 0x0000016e43758d10 code [0x0000016e43758f00, 0x0000016e43759400]
Event: 92.453 Thread 0x0000016e563ce170 6453       3       com.google.inject.internal.InternalContext::getConstructionContext (36 bytes)
Event: 92.453 Thread 0x0000016e563ce170 nmethod 6453 0x0000016e43759610 code [0x0000016e43759800, 0x0000016e43759c18]
Event: 92.454 Thread 0x0000016e563ce170 6454       3       com.google.inject.internal.ConstructionContext::startConstruction (6 bytes)
Event: 92.454 Thread 0x0000016e563ce170 nmethod 6454 0x0000016e43759e10 code [0x0000016e43759fa0, 0x0000016e4375a0b0]
Event: 92.535 Thread 0x0000016e563ce170 6455       3       com.google.inject.internal.ConstructionContext::removeCurrentReference (6 bytes)

GC Heap History (20 events):
Event: 84.480 GC heap before
{Heap before GC invocations=12 (full 1):
 PSYoungGen      total 23552K, used 23264K [0x00000000d5580000, 0x00000000d7100000, 0x0000000100000000)
  eden space 23040K, 100% used [0x00000000d5580000,0x00000000d6c00000,0x00000000d6c00000)
  from space 512K, 43% used [0x00000000d7080000,0x00000000d70b8000,0x00000000d7100000)
  to   space 1536K, 0% used [0x00000000d6e00000,0x00000000d6e00000,0x00000000d6f80000)
 ParOldGen       total 68608K, used 13029K [0x0000000080000000, 0x0000000084300000, 0x00000000d5580000)
  object space 68608K, 18% used [0x0000000080000000,0x0000000080cb9538,0x0000000084300000)
 Metaspace       used 26107K, committed 27008K, reserved 1114112K
  class space    used 2562K, committed 2944K, reserved 1048576K
}
Event: 84.482 GC heap after
{Heap after GC invocations=12 (full 1):
 PSYoungGen      total 24064K, used 480K [0x00000000d5580000, 0x00000000d7100000, 0x0000000100000000)
  eden space 22528K, 0% used [0x00000000d5580000,0x00000000d5580000,0x00000000d6b80000)
  from space 1536K, 31% used [0x00000000d6e00000,0x00000000d6e78000,0x00000000d6f80000)
  to   space 1024K, 0% used [0x00000000d7000000,0x00000000d7000000,0x00000000d7100000)
 ParOldGen       total 68608K, used 13113K [0x0000000080000000, 0x0000000084300000, 0x00000000d5580000)
  object space 68608K, 19% used [0x0000000080000000,0x0000000080cce620,0x0000000084300000)
 Metaspace       used 26107K, committed 27008K, reserved 1114112K
  class space    used 2562K, committed 2944K, reserved 1048576K
}
Event: 84.829 GC heap before
{Heap before GC invocations=13 (full 1):
 PSYoungGen      total 24064K, used 23008K [0x00000000d5580000, 0x00000000d7100000, 0x0000000100000000)
  eden space 22528K, 100% used [0x00000000d5580000,0x00000000d6b80000,0x00000000d6b80000)
  from space 1536K, 31% used [0x00000000d6e00000,0x00000000d6e78000,0x00000000d6f80000)
  to   space 1024K, 0% used [0x00000000d7000000,0x00000000d7000000,0x00000000d7100000)
 ParOldGen       total 68608K, used 13113K [0x0000000080000000, 0x0000000084300000, 0x00000000d5580000)
  object space 68608K, 19% used [0x0000000080000000,0x0000000080cce620,0x0000000084300000)
 Metaspace       used 27934K, committed 28864K, reserved 1114112K
  class space    used 2750K, committed 3136K, reserved 1048576K
}
Event: 84.832 GC heap after
{Heap after GC invocations=13 (full 1):
 PSYoungGen      total 22528K, used 462K [0x00000000d5580000, 0x00000000d7080000, 0x0000000100000000)
  eden space 22016K, 0% used [0x00000000d5580000,0x00000000d5580000,0x00000000d6b00000)
  from space 512K, 90% used [0x00000000d7000000,0x00000000d70738a0,0x00000000d7080000)
  to   space 512K, 0% used [0x00000000d6f80000,0x00000000d6f80000,0x00000000d7000000)
 ParOldGen       total 68608K, used 15042K [0x0000000080000000, 0x0000000084300000, 0x00000000d5580000)
  object space 68608K, 21% used [0x0000000080000000,0x0000000080eb0998,0x0000000084300000)
 Metaspace       used 27934K, committed 28864K, reserved 1114112K
  class space    used 2750K, committed 3136K, reserved 1048576K
}
Event: 87.253 GC heap before
{Heap before GC invocations=14 (full 1):
 PSYoungGen      total 22528K, used 22478K [0x00000000d5580000, 0x00000000d7080000, 0x0000000100000000)
  eden space 22016K, 100% used [0x00000000d5580000,0x00000000d6b00000,0x00000000d6b00000)
  from space 512K, 90% used [0x00000000d7000000,0x00000000d70738a0,0x00000000d7080000)
  to   space 512K, 0% used [0x00000000d6f80000,0x00000000d6f80000,0x00000000d7000000)
 ParOldGen       total 68608K, used 15042K [0x0000000080000000, 0x0000000084300000, 0x00000000d5580000)
  object space 68608K, 21% used [0x0000000080000000,0x0000000080eb0998,0x0000000084300000)
 Metaspace       used 29498K, committed 30336K, reserved 1114112K
  class space    used 2960K, committed 3328K, reserved 1048576K
}
Event: 87.256 GC heap after
{Heap after GC invocations=14 (full 1):
 PSYoungGen      total 22528K, used 495K [0x00000000d5580000, 0x00000000d7080000, 0x0000000100000000)
  eden space 22016K, 0% used [0x00000000d5580000,0x00000000d5580000,0x00000000d6b00000)
  from space 512K, 96% used [0x00000000d6f80000,0x00000000d6ffbe70,0x00000000d7000000)
  to   space 512K, 0% used [0x00000000d7000000,0x00000000d7000000,0x00000000d7080000)
 ParOldGen       total 68608K, used 15894K [0x0000000080000000, 0x0000000084300000, 0x00000000d5580000)
  object space 68608K, 23% used [0x0000000080000000,0x0000000080f85878,0x0000000084300000)
 Metaspace       used 29498K, committed 30336K, reserved 1114112K
  class space    used 2960K, committed 3328K, reserved 1048576K
}
Event: 87.830 GC heap before
{Heap before GC invocations=15 (full 1):
 PSYoungGen      total 22528K, used 22511K [0x00000000d5580000, 0x00000000d7080000, 0x0000000100000000)
  eden space 22016K, 100% used [0x00000000d5580000,0x00000000d6b00000,0x00000000d6b00000)
  from space 512K, 96% used [0x00000000d6f80000,0x00000000d6ffbe70,0x00000000d7000000)
  to   space 512K, 0% used [0x00000000d7000000,0x00000000d7000000,0x00000000d7080000)
 ParOldGen       total 68608K, used 15894K [0x0000000080000000, 0x0000000084300000, 0x00000000d5580000)
  object space 68608K, 23% used [0x0000000080000000,0x0000000080f85878,0x0000000084300000)
 Metaspace       used 31484K, committed 32384K, reserved 1114112K
  class space    used 3165K, committed 3584K, reserved 1048576K
}
Event: 87.835 GC heap after
{Heap after GC invocations=15 (full 1):
 PSYoungGen      total 22528K, used 493K [0x00000000d5580000, 0x00000000d7080000, 0x0000000100000000)
  eden space 22016K, 0% used [0x00000000d5580000,0x00000000d5580000,0x00000000d6b00000)
  from space 512K, 96% used [0x00000000d7000000,0x00000000d707b460,0x00000000d7080000)
  to   space 1536K, 0% used [0x00000000d6d80000,0x00000000d6d80000,0x00000000d6f00000)
 ParOldGen       total 68608K, used 16641K [0x0000000080000000, 0x0000000084300000, 0x00000000d5580000)
  object space 68608K, 24% used [0x0000000080000000,0x00000000810406e8,0x0000000084300000)
 Metaspace       used 31484K, committed 32384K, reserved 1114112K
  class space    used 3165K, committed 3584K, reserved 1048576K
}
Event: 88.682 GC heap before
{Heap before GC invocations=16 (full 1):
 PSYoungGen      total 22528K, used 22503K [0x00000000d5580000, 0x00000000d7080000, 0x0000000100000000)
  eden space 22016K, 99% used [0x00000000d5580000,0x00000000d6afeab8,0x00000000d6b00000)
  from space 512K, 96% used [0x00000000d7000000,0x00000000d707b460,0x00000000d7080000)
  to   space 1536K, 0% used [0x00000000d6d80000,0x00000000d6d80000,0x00000000d6f00000)
 ParOldGen       total 68608K, used 16641K [0x0000000080000000, 0x0000000084300000, 0x00000000d5580000)
  object space 68608K, 24% used [0x0000000080000000,0x00000000810406e8,0x0000000084300000)
 Metaspace       used 34493K, committed 35456K, reserved 1114112K
  class space    used 3542K, committed 3968K, reserved 1048576K
}
Event: 88.686 GC heap after
{Heap after GC invocations=16 (full 1):
 PSYoungGen      total 23552K, used 1139K [0x00000000d5580000, 0x00000000d7080000, 0x0000000100000000)
  eden space 22016K, 0% used [0x00000000d5580000,0x00000000d5580000,0x00000000d6b00000)
  from space 1536K, 74% used [0x00000000d6d80000,0x00000000d6e9ccd0,0x00000000d6f00000)
  to   space 1536K, 0% used [0x00000000d6f00000,0x00000000d6f00000,0x00000000d7080000)
 ParOldGen       total 68608K, used 17087K [0x0000000080000000, 0x0000000084300000, 0x00000000d5580000)
  object space 68608K, 24% used [0x0000000080000000,0x00000000810afe50,0x0000000084300000)
 Metaspace       used 34493K, committed 35456K, reserved 1114112K
  class space    used 3542K, committed 3968K, reserved 1048576K
}
Event: 88.811 GC heap before
{Heap before GC invocations=17 (full 1):
 PSYoungGen      total 23552K, used 4114K [0x00000000d5580000, 0x00000000d7080000, 0x0000000100000000)
  eden space 22016K, 13% used [0x00000000d5580000,0x00000000d5867c90,0x00000000d6b00000)
  from space 1536K, 74% used [0x00000000d6d80000,0x00000000d6e9ccd0,0x00000000d6f00000)
  to   space 1536K, 0% used [0x00000000d6f00000,0x00000000d6f00000,0x00000000d7080000)
 ParOldGen       total 68608K, used 17087K [0x0000000080000000, 0x0000000084300000, 0x00000000d5580000)
  object space 68608K, 24% used [0x0000000080000000,0x00000000810afe50,0x0000000084300000)
 Metaspace       used 34891K, committed 35840K, reserved 1114112K
  class space    used 3590K, committed 4032K, reserved 1048576K
}
Event: 88.813 GC heap after
{Heap after GC invocations=17 (full 1):
 PSYoungGen      total 22528K, used 192K [0x00000000d5580000, 0x00000000d6f80000, 0x0000000100000000)
  eden space 22016K, 0% used [0x00000000d5580000,0x00000000d5580000,0x00000000d6b00000)
  from space 512K, 37% used [0x00000000d6f00000,0x00000000d6f30000,0x00000000d6f80000)
  to   space 1024K, 0% used [0x00000000d6d80000,0x00000000d6d80000,0x00000000d6e80000)
 ParOldGen       total 68608K, used 17974K [0x0000000080000000, 0x0000000084300000, 0x00000000d5580000)
  object space 68608K, 26% used [0x0000000080000000,0x000000008118da10,0x0000000084300000)
 Metaspace       used 34891K, committed 35840K, reserved 1114112K
  class space    used 3590K, committed 4032K, reserved 1048576K
}
Event: 88.813 GC heap before
{Heap before GC invocations=18 (full 2):
 PSYoungGen      total 22528K, used 192K [0x00000000d5580000, 0x00000000d6f80000, 0x0000000100000000)
  eden space 22016K, 0% used [0x00000000d5580000,0x00000000d5580000,0x00000000d6b00000)
  from space 512K, 37% used [0x00000000d6f00000,0x00000000d6f30000,0x00000000d6f80000)
  to   space 1024K, 0% used [0x00000000d6d80000,0x00000000d6d80000,0x00000000d6e80000)
 ParOldGen       total 68608K, used 17974K [0x0000000080000000, 0x0000000084300000, 0x00000000d5580000)
  object space 68608K, 26% used [0x0000000080000000,0x000000008118da10,0x0000000084300000)
 Metaspace       used 34891K, committed 35840K, reserved 1114112K
  class space    used 3590K, committed 4032K, reserved 1048576K
}
Event: 88.873 GC heap after
{Heap after GC invocations=18 (full 2):
 PSYoungGen      total 22528K, used 0K [0x00000000d5580000, 0x00000000d6f80000, 0x0000000100000000)
  eden space 22016K, 0% used [0x00000000d5580000,0x00000000d5580000,0x00000000d6b00000)
  from space 512K, 0% used [0x00000000d6f00000,0x00000000d6f00000,0x00000000d6f80000)
  to   space 1024K, 0% used [0x00000000d6d80000,0x00000000d6d80000,0x00000000d6e80000)
 ParOldGen       total 68608K, used 17385K [0x0000000080000000, 0x0000000084300000, 0x00000000d5580000)
  object space 68608K, 25% used [0x0000000080000000,0x00000000810fa408,0x0000000084300000)
 Metaspace       used 34891K, committed 35840K, reserved 1114112K
  class space    used 3590K, committed 4032K, reserved 1048576K
}
Event: 90.382 GC heap before
{Heap before GC invocations=19 (full 2):
 PSYoungGen      total 22528K, used 22016K [0x00000000d5580000, 0x00000000d6f80000, 0x0000000100000000)
  eden space 22016K, 100% used [0x00000000d5580000,0x00000000d6b00000,0x00000000d6b00000)
  from space 512K, 0% used [0x00000000d6f00000,0x00000000d6f00000,0x00000000d6f80000)
  to   space 1024K, 0% used [0x00000000d6d80000,0x00000000d6d80000,0x00000000d6e80000)
 ParOldGen       total 68608K, used 17385K [0x0000000080000000, 0x0000000084300000, 0x00000000d5580000)
  object space 68608K, 25% used [0x0000000080000000,0x00000000810fa408,0x0000000084300000)
 Metaspace       used 37481K, committed 38464K, reserved 1114112K
  class space    used 3922K, committed 4352K, reserved 1048576K
}
Event: 90.385 GC heap after
{Heap after GC invocations=19 (full 2):
 PSYoungGen      total 23040K, used 1024K [0x00000000d5580000, 0x00000000d6f80000, 0x0000000100000000)
  eden space 22016K, 0% used [0x00000000d5580000,0x00000000d5580000,0x00000000d6b00000)
  from space 1024K, 100% used [0x00000000d6d80000,0x00000000d6e80000,0x00000000d6e80000)
  to   space 1024K, 0% used [0x00000000d6e80000,0x00000000d6e80000,0x00000000d6f80000)
 ParOldGen       total 68608K, used 17504K [0x0000000080000000, 0x0000000084300000, 0x00000000d5580000)
  object space 68608K, 25% used [0x0000000080000000,0x0000000081118108,0x0000000084300000)
 Metaspace       used 37481K, committed 38464K, reserved 1114112K
  class space    used 3922K, committed 4352K, reserved 1048576K
}
Event: 91.279 GC heap before
{Heap before GC invocations=20 (full 2):
 PSYoungGen      total 23040K, used 23030K [0x00000000d5580000, 0x00000000d6f80000, 0x0000000100000000)
  eden space 22016K, 99% used [0x00000000d5580000,0x00000000d6afdb08,0x00000000d6b00000)
  from space 1024K, 100% used [0x00000000d6d80000,0x00000000d6e80000,0x00000000d6e80000)
  to   space 1024K, 0% used [0x00000000d6e80000,0x00000000d6e80000,0x00000000d6f80000)
 ParOldGen       total 68608K, used 17504K [0x0000000080000000, 0x0000000084300000, 0x00000000d5580000)
  object space 68608K, 25% used [0x0000000080000000,0x0000000081118108,0x0000000084300000)
 Metaspace       used 40143K, committed 41216K, reserved 1114112K
  class space    used 4265K, committed 4736K, reserved 1048576K
}
Event: 91.283 GC heap after
{Heap after GC invocations=20 (full 2):
 PSYoungGen      total 23040K, used 1020K [0x00000000d5580000, 0x00000000d7100000, 0x0000000100000000)
  eden space 22016K, 0% used [0x00000000d5580000,0x00000000d5580000,0x00000000d6b00000)
  from space 1024K, 99% used [0x00000000d6e80000,0x00000000d6f7f320,0x00000000d6f80000)
  to   space 3072K, 0% used [0x00000000d6b00000,0x00000000d6b00000,0x00000000d6e00000)
 ParOldGen       total 68608K, used 19188K [0x0000000080000000, 0x0000000084300000, 0x00000000d5580000)
  object space 68608K, 27% used [0x0000000080000000,0x00000000812bd158,0x0000000084300000)
 Metaspace       used 40143K, committed 41216K, reserved 1114112K
  class space    used 4265K, committed 4736K, reserved 1048576K
}
Event: 91.680 GC heap before
{Heap before GC invocations=21 (full 2):
 PSYoungGen      total 23040K, used 23036K [0x00000000d5580000, 0x00000000d7100000, 0x0000000100000000)
  eden space 22016K, 100% used [0x00000000d5580000,0x00000000d6b00000,0x00000000d6b00000)
  from space 1024K, 99% used [0x00000000d6e80000,0x00000000d6f7f320,0x00000000d6f80000)
  to   space 3072K, 0% used [0x00000000d6b00000,0x00000000d6b00000,0x00000000d6e00000)
 ParOldGen       total 68608K, used 19188K [0x0000000080000000, 0x0000000084300000, 0x00000000d5580000)
  object space 68608K, 27% used [0x0000000080000000,0x00000000812bd158,0x0000000084300000)
 Metaspace       used 42750K, committed 43840K, reserved 1114112K
  class space    used 4602K, committed 5056K, reserved 1048576K
}
Event: 91.684 GC heap after
{Heap after GC invocations=21 (full 2):
 PSYoungGen      total 25088K, used 2946K [0x00000000d5580000, 0x00000000d7100000, 0x0000000100000000)
  eden space 22016K, 0% used [0x00000000d5580000,0x00000000d5580000,0x00000000d6b00000)
  from space 3072K, 95% used [0x00000000d6b00000,0x00000000d6de0978,0x00000000d6e00000)
  to   space 3072K, 0% used [0x00000000d6e00000,0x00000000d6e00000,0x00000000d7100000)
 ParOldGen       total 68608K, used 20521K [0x0000000080000000, 0x0000000084300000, 0x00000000d5580000)
  object space 68608K, 29% used [0x0000000080000000,0x000000008140a4d8,0x0000000084300000)
 Metaspace       used 42750K, committed 43840K, reserved 1114112K
  class space    used 4602K, committed 5056K, reserved 1048576K
}

Dll operation events (13 events):
Event: 0.763 Loaded shared library c:\Users\Lenovo\.vscode\extensions\redhat.java-1.55.0-win32-x64\jre\21.0.11-win32-x86_64\bin\java.dll
Event: 1.598 Loaded shared library c:\Users\Lenovo\.vscode\extensions\redhat.java-1.55.0-win32-x64\jre\21.0.11-win32-x86_64\bin\zip.dll
Event: 1.841 Loaded shared library C:\Users\Lenovo\.vscode\extensions\redhat.java-1.55.0-win32-x64\jre\21.0.11-win32-x86_64\bin\instrument.dll
Event: 2.050 Loaded shared library C:\Users\Lenovo\.vscode\extensions\redhat.java-1.55.0-win32-x64\jre\21.0.11-win32-x86_64\bin\net.dll
Event: 2.749 Loaded shared library C:\Users\Lenovo\.vscode\extensions\redhat.java-1.55.0-win32-x64\jre\21.0.11-win32-x86_64\bin\nio.dll
Event: 2.778 Loaded shared library C:\Users\Lenovo\.vscode\extensions\redhat.java-1.55.0-win32-x64\jre\21.0.11-win32-x86_64\bin\zip.dll
Event: 3.509 Loaded shared library C:\Users\Lenovo\.vscode\extensions\redhat.java-1.55.0-win32-x64\jre\21.0.11-win32-x86_64\bin\jimage.dll
Event: 6.704 Loaded shared library c:\Users\Lenovo\.vscode\extensions\redhat.java-1.55.0-win32-x64\jre\21.0.11-win32-x86_64\bin\verify.dll
Event: 39.336 Loaded shared library C:\Users\Lenovo\AppData\Roaming\Code\User\globalStorage\redhat.java\1.55.0\config_win\org.eclipse.equinox.launcher\org.eclipse.equinox.launcher.win32.win32.x86_64_1.3.100.v20260613-0559\eclipse_11924.dll
Event: 78.038 Loaded shared library C:\Users\Lenovo\.vscode\extensions\redhat.java-1.55.0-win32-x64\jre\21.0.11-win32-x86_64\bin\management.dll
Event: 78.058 Loaded shared library C:\Users\Lenovo\.vscode\extensions\redhat.java-1.55.0-win32-x64\jre\21.0.11-win32-x86_64\bin\management_ext.dll
Event: 90.233 Loaded shared library C:\Users\Lenovo\AppData\Local\Temp\jna--2022488749\jna11261728770716886984.dll
Event: 91.033 Loaded shared library C:\Users\Lenovo\.vscode\extensions\redhat.java-1.55.0-win32-x64\jre\21.0.11-win32-x86_64\bin\sunmscapi.dll

Deoptimization events (20 events):
Event: 92.047 Thread 0x0000016e9cf5aa30 Uncommon trap: trap_request=0xffffffde fr.pc=0x0000016e4a711884 relative=0x00000000000003a4
Event: 92.047 Thread 0x0000016e9cf5aa30 Uncommon trap: reason=class_check action=maybe_recompile pc=0x0000016e4a711884 method=java.util.HashMap.removeNode(ILjava/lang/Object;Ljava/lang/Object;ZZ)Ljava/util/HashMap$Node; @ 68 c2
Event: 92.047 Thread 0x0000016e9cf5aa30 DEOPT PACKING pc=0x0000016e4a711884 sp=0x0000005a5f6fef70
Event: 92.047 Thread 0x0000016e9cf5aa30 DEOPT UNPACKING pc=0x0000016e4a0f3aa2 sp=0x0000005a5f6feed8 mode 2
Event: 92.105 Thread 0x0000016e9cf5aa30 Uncommon trap: trap_request=0xffffffde fr.pc=0x0000016e4a711884 relative=0x00000000000003a4
Event: 92.105 Thread 0x0000016e9cf5aa30 Uncommon trap: reason=class_check action=maybe_recompile pc=0x0000016e4a711884 method=java.util.HashMap.removeNode(ILjava/lang/Object;Ljava/lang/Object;ZZ)Ljava/util/HashMap$Node; @ 68 c2
Event: 92.105 Thread 0x0000016e9cf5aa30 DEOPT PACKING pc=0x0000016e4a711884 sp=0x0000005a5f6fef60
Event: 92.105 Thread 0x0000016e9cf5aa30 DEOPT UNPACKING pc=0x0000016e4a0f3aa2 sp=0x0000005a5f6feec8 mode 2
Event: 92.108 Thread 0x0000016e9cf5aa30 Uncommon trap: trap_request=0xffffffde fr.pc=0x0000016e4a711884 relative=0x00000000000003a4
Event: 92.108 Thread 0x0000016e9cf5aa30 Uncommon trap: reason=class_check action=maybe_recompile pc=0x0000016e4a711884 method=java.util.HashMap.removeNode(ILjava/lang/Object;Ljava/lang/Object;ZZ)Ljava/util/HashMap$Node; @ 68 c2
Event: 92.108 Thread 0x0000016e9cf5aa30 DEOPT PACKING pc=0x0000016e4a711884 sp=0x0000005a5f6fef60
Event: 92.108 Thread 0x0000016e9cf5aa30 DEOPT UNPACKING pc=0x0000016e4a0f3aa2 sp=0x0000005a5f6feec8 mode 2
Event: 92.108 Thread 0x0000016e9cf5aa30 Uncommon trap: trap_request=0xffffffde fr.pc=0x0000016e4a711884 relative=0x00000000000003a4
Event: 92.108 Thread 0x0000016e9cf5aa30 Uncommon trap: reason=class_check action=maybe_recompile pc=0x0000016e4a711884 method=java.util.HashMap.removeNode(ILjava/lang/Object;Ljava/lang/Object;ZZ)Ljava/util/HashMap$Node; @ 68 c2
Event: 92.108 Thread 0x0000016e9cf5aa30 DEOPT PACKING pc=0x0000016e4a711884 sp=0x0000005a5f6fef60
Event: 92.108 Thread 0x0000016e9cf5aa30 DEOPT UNPACKING pc=0x0000016e4a0f3aa2 sp=0x0000005a5f6feec8 mode 2
Event: 92.413 Thread 0x0000016e9cb7f010 Uncommon trap: trap_request=0xffffff45 fr.pc=0x0000016e4a7c1a18 relative=0x00000000000006f8
Event: 92.413 Thread 0x0000016e9cb7f010 Uncommon trap: reason=unstable_if action=reinterpret pc=0x0000016e4a7c1a18 method=org.eclipse.sisu.inject.InjectorBindings.isAssignableFrom(Lcom/google/inject/TypeLiteral;Lcom/google/inject/Binding;)Z @ 15 c2
Event: 92.413 Thread 0x0000016e9cb7f010 DEOPT PACKING pc=0x0000016e4a7c1a18 sp=0x0000005a5eafda20
Event: 92.413 Thread 0x0000016e9cb7f010 DEOPT UNPACKING pc=0x0000016e4a0f3aa2 sp=0x0000005a5eafd9c0 mode 2

Classes loaded (20 events):
Event: 92.396 Loading class sun/nio/ch/Net$1
Event: 92.396 Loading class sun/nio/ch/Net$1 done
Event: 92.396 Loading class sun/net/ext/ExtendedSocketOptions
Event: 92.397 Loading class sun/net/ext/ExtendedSocketOptions done
Event: 92.397 Loading class jdk/net/ExtendedSocketOptions
Event: 92.401 Loading class jdk/net/ExtendedSocketOptions done
Event: 92.401 Loading class jdk/net/ExtendedSocketOptions$ExtSocketOption
Event: 92.403 Loading class java/net/SocketOption
Event: 92.403 Loading class java/net/SocketOption done
Event: 92.403 Loading class jdk/net/ExtendedSocketOptions$ExtSocketOption done
Event: 92.403 Loading class jdk/net/UnixDomainPrincipal
Event: 92.403 Loading class jdk/net/UnixDomainPrincipal done
Event: 92.403 Loading class jdk/net/ExtendedSocketOptions$PlatformSocketOptions
Event: 92.403 Loading class jdk/net/ExtendedSocketOptions$PlatformSocketOptions done
Event: 92.403 Loading class jdk/net/ExtendedSocketOptions$2
Event: 92.403 Loading class jdk/net/ExtendedSocketOptions$2 done
Event: 92.404 Loading class jdk/internal/util/OperatingSystem
Event: 92.406 Loading class jdk/internal/util/OperatingSystem done
Event: 92.407 Loading class jdk/net/WindowsSocketOptions
Event: 92.407 Loading class jdk/net/WindowsSocketOptions done

Classes unloaded (7 events):
Event: 83.178 Thread 0x0000016e5635e8d0 Unloading class 0x0000016e581b2800 'java/lang/invoke/LambdaForm$MH+0x0000016e581b2800'
Event: 83.178 Thread 0x0000016e5635e8d0 Unloading class 0x0000016e581b2400 'java/lang/invoke/LambdaForm$MH+0x0000016e581b2400'
Event: 83.178 Thread 0x0000016e5635e8d0 Unloading class 0x0000016e581b2000 'java/lang/invoke/LambdaForm$MH+0x0000016e581b2000'
Event: 83.178 Thread 0x0000016e5635e8d0 Unloading class 0x0000016e581b1c00 'java/lang/invoke/LambdaForm$MH+0x0000016e581b1c00'
Event: 83.178 Thread 0x0000016e5635e8d0 Unloading class 0x0000016e581b1800 'java/lang/invoke/LambdaForm$BMH+0x0000016e581b1800'
Event: 83.178 Thread 0x0000016e5635e8d0 Unloading class 0x0000016e581b1400 'java/lang/invoke/LambdaForm$DMH+0x0000016e581b1400'
Event: 83.178 Thread 0x0000016e5635e8d0 Unloading class 0x0000016e581b0000 'java/lang/invoke/LambdaForm$DMH+0x0000016e581b0000'

Classes redefined (0 events):
No events

Internal exceptions (20 events):
Event: 89.739 Thread 0x0000016e9cb7f010 Implicit null exception at 0x0000016e4a7f987e to 0x0000016e4a7f9af0
Event: 89.740 Thread 0x0000016e9cb7f010 Implicit null exception at 0x0000016e4a6dd4bc to 0x0000016e4a6de464
Event: 89.743 Thread 0x0000016e9cb7f010 Exception <a 'java/lang/NoSuchMethodError'{0x00000000d651e0f8}: 'java.lang.Object java.lang.invoke.Invokers$Holder.invokeExact_MT(java.lang.Object, int, java.lang.Object)'> (0x00000000d651e0f8) 
thrown [s\src\hotspot\share\interpreter\linkResolver.cpp, line 773]
Event: 90.337 Thread 0x0000016e9c954e90 Exception <a 'java/lang/UnsatisfiedLinkError'{0x00000000d69f1778}: The specified procedure could not be found.
> (0x00000000d69f1778) 
thrown [s\src\hotspot\share\prims\jni.cpp, line 539]
Event: 90.352 Thread 0x0000016e9c954e90 Exception <a 'java/io/FileNotFoundException'{0x00000000d6a2c548}> (0x00000000d6a2c548) 
thrown [s\src\hotspot\share\prims\jni.cpp, line 520]
Event: 90.375 Thread 0x0000016e9c954e90 Exception <a 'java/io/FileNotFoundException'{0x00000000d6ab5920}> (0x00000000d6ab5920) 
thrown [s\src\hotspot\share\prims\jni.cpp, line 520]
Event: 90.411 Thread 0x0000016e9c954e90 Exception <a 'java/lang/NoSuchMethodError'{0x00000000d5639590}: 'void java.lang.invoke.DirectMethodHandle$Holder.invokeSpecial(java.lang.Object, java.lang.Object, java.lang.Object, int)'> (0x00000000d5639590) 
thrown [s\src\hotspot\share\interpreter\linkResolver.cpp, line 773]
Event: 90.412 Thread 0x0000016e9c954e90 Exception <a 'java/lang/NoSuchMethodError'{0x00000000d563cc60}: 'void java.lang.invoke.DelegatingMethodHandle$Holder.reinvoke_L(java.lang.Object, java.lang.Object, int)'> (0x00000000d563cc60) 
thrown [s\src\hotspot\share\interpreter\linkResolver.cpp, line 773]
Event: 90.413 Thread 0x0000016e9c954e90 Exception <a 'java/lang/NoSuchMethodError'{0x00000000d568b328}: 'int java.lang.invoke.Invokers$Holder.invokeExact_MT(java.lang.Object, java.lang.Object, java.lang.Object)'> (0x00000000d568b328) 
thrown [s\src\hotspot\share\interpreter\linkResolver.cpp, line 773]
Event: 90.416 Thread 0x0000016e9c954e90 Exception <a 'java/lang/UnsatisfiedLinkError'{0x00000000d56999e0}: The specified procedure could not be found.
> (0x00000000d56999e0) 
thrown [s\src\hotspot\share\prims\jni.cpp, line 539]
Event: 90.475 Thread 0x0000016e9c954e90 Exception <a 'java/lang/NoSuchMethodError'{0x00000000d56a6768}: 'void java.lang.invoke.Invokers$Holder.invokeExact_MT(java.lang.Object, java.lang.Object, int, java.lang.Object)'> (0x00000000d56a6768) 
thrown [s\src\hotspot\share\interpreter\linkResolver.cpp, line 773]
Event: 90.639 Thread 0x0000016e3d6c8d00 Exception <a 'java/io/FileNotFoundException'{0x00000000d5c4cc18}> (0x00000000d5c4cc18) 
thrown [s\src\hotspot\share\prims\jni.cpp, line 520]
Event: 91.033 Thread 0x0000016e3d6c8d00 Exception <a 'java/lang/NoSuchMethodError'{0x00000000d61d3530}: 'java.lang.Object java.lang.invoke.DirectMethodHandle$Holder.invokeStatic(java.lang.Object, long, java.lang.Object)'> (0x00000000d61d3530) 
thrown [s\src\hotspot\share\interpreter\linkResolver.cpp, line 773]
Event: 91.035 Thread 0x0000016e3d6c8d00 Exception <a 'java/lang/NoSuchMethodError'{0x00000000d61f9de0}: 'java.lang.Object java.lang.invoke.DirectMethodHandle$Holder.invokeStaticInit(java.lang.Object, long, java.lang.Object)'> (0x00000000d61f9de0) 
thrown [s\src\hotspot\share\interpreter\linkResolver.cpp, line 773]
Event: 91.036 Thread 0x0000016e3d6c8d00 Exception <a 'java/lang/NoSuchMethodError'{0x00000000d620ca50}: 'java.lang.Object java.lang.invoke.DirectMethodHandle$Holder.newInvokeSpecial(java.lang.Object, long)'> (0x00000000d620ca50) 
thrown [s\src\hotspot\share\interpreter\linkResolver.cpp, line 773]
Event: 91.096 Thread 0x0000016e9cb7fd30 Exception <a 'sun/nio/fs/WindowsException'{0x00000000d6481580}> (0x00000000d6481580) 
thrown [s\src\hotspot\share\prims\jni.cpp, line 520]
Event: 91.590 Thread 0x0000016e3d6c8d00 Exception <a 'java/lang/NoSuchMethodError'{0x00000000d67bc348}: 'void java.lang.invoke.DirectMethodHandle$Holder.invokeSpecial(java.lang.Object, java.lang.Object, java.lang.Object, java.lang.Object, java.lang.Object, java.lang.Object)'> (0x00000000d67bc348) 
thrown [s\src\hotspot\share\interpreter\linkResolver.cpp, line 773]
Event: 91.591 Thread 0x0000016e3d6c8d00 Exception <a 'java/lang/IncompatibleClassChangeError'{0x00000000d67c4778}: Found class java.lang.Object, but interface was expected> (0x00000000d67c4778) 
thrown [s\src\hotspot\share\interpreter\linkResolver.cpp, line 840]
Event: 91.592 Thread 0x0000016e3d6c8d00 Exception <a 'java/lang/IncompatibleClassChangeError'{0x00000000d67c58c0}: Found class java.lang.Object, but interface was expected> (0x00000000d67c58c0) 
thrown [s\src\hotspot\share\interpreter\linkResolver.cpp, line 840]
Event: 91.756 Thread 0x0000016e9cb7f010 Exception <a 'java/lang/NoClassDefFoundError'{0x00000000d5a2e048}: com/google/inject/servlet/ServletModuleTargetVisitor> (0x00000000d5a2e048) 
thrown [s\src\hotspot\share\classfile\systemDictionary.cpp, line 302]

ZGC Phase Switch (0 events):
No events

VM Operations (20 events):
Event: 90.281 Executing non-safepoint VM operation: HandshakeAllThreads (Deoptimize)
Event: 90.294 Executing non-safepoint VM operation: HandshakeAllThreads (Deoptimize) done
Event: 90.381 Executing safepoint VM operation: ParallelGCFailedAllocation (Allocation Failure)
Event: 90.385 Executing safepoint VM operation: ParallelGCFailedAllocation (Allocation Failure) done
Event: 90.603 Executing non-safepoint VM operation: HandshakeAllThreads (Deoptimize)
Event: 90.629 Executing non-safepoint VM operation: HandshakeAllThreads (Deoptimize) done
Event: 91.012 Executing non-safepoint VM operation: HandshakeAllThreads (Deoptimize)
Event: 91.041 Executing non-safepoint VM operation: HandshakeAllThreads (Deoptimize) done
Event: 91.100 Executing non-safepoint VM operation: HandshakeAllThreads (Deoptimize)
Event: 91.114 Executing non-safepoint VM operation: HandshakeAllThreads (Deoptimize) done
Event: 91.279 Executing safepoint VM operation: ParallelGCFailedAllocation (Allocation Failure)
Event: 91.284 Executing safepoint VM operation: ParallelGCFailedAllocation (Allocation Failure) done
Event: 91.451 Executing non-safepoint VM operation: HandshakeAllThreads (Deoptimize)
Event: 91.451 Executing non-safepoint VM operation: HandshakeAllThreads (Deoptimize) done
Event: 91.680 Executing safepoint VM operation: ParallelGCFailedAllocation (Allocation Failure)
Event: 91.684 Executing safepoint VM operation: ParallelGCFailedAllocation (Allocation Failure) done
Event: 91.972 Executing non-safepoint VM operation: HandshakeAllThreads (Deoptimize)
Event: 91.972 Executing non-safepoint VM operation: HandshakeAllThreads (Deoptimize) done
Event: 92.051 Executing non-safepoint VM operation: HandshakeAllThreads (Deoptimize)
Event: 92.052 Executing non-safepoint VM operation: HandshakeAllThreads (Deoptimize) done

Memory protections (0 events):
No events

Nmethod flushes (20 events):
Event: 88.845 Thread 0x0000016e5635e8d0 flushing  nmethod 0x0000016e432eda10
Event: 88.845 Thread 0x0000016e5635e8d0 flushing  nmethod 0x0000016e43329190
Event: 88.845 Thread 0x0000016e5635e8d0 flushing  nmethod 0x0000016e43398310
Event: 88.845 Thread 0x0000016e5635e8d0 flushing  nmethod 0x0000016e43398710
Event: 88.845 Thread 0x0000016e5635e8d0 flushing  nmethod 0x0000016e43399010
Event: 88.845 Thread 0x0000016e5635e8d0 flushing  nmethod 0x0000016e4339a210
Event: 88.845 Thread 0x0000016e5635e8d0 flushing  nmethod 0x0000016e4339b690
Event: 88.845 Thread 0x0000016e5635e8d0 flushing  nmethod 0x0000016e4339c310
Event: 88.845 Thread 0x0000016e5635e8d0 flushing  nmethod 0x0000016e4339cf10
Event: 88.845 Thread 0x0000016e5635e8d0 flushing  nmethod 0x0000016e4339d390
Event: 88.845 Thread 0x0000016e5635e8d0 flushing  nmethod 0x0000016e4339d890
Event: 88.845 Thread 0x0000016e5635e8d0 flushing  nmethod 0x0000016e4339dc90
Event: 88.845 Thread 0x0000016e5635e8d0 flushing  nmethod 0x0000016e4339ec90
Event: 88.845 Thread 0x0000016e5635e8d0 flushing  nmethod 0x0000016e433a1190
Event: 88.845 Thread 0x0000016e5635e8d0 flushing  nmethod 0x0000016e433aa490
Event: 88.845 Thread 0x0000016e5635e8d0 flushing  nmethod 0x0000016e433ac910
Event: 88.845 Thread 0x0000016e5635e8d0 flushing osr nmethod 0x0000016e43441410
Event: 88.845 Thread 0x0000016e5635e8d0 flushing osr nmethod 0x0000016e4344c490
Event: 88.845 Thread 0x0000016e5635e8d0 flushing  nmethod 0x0000016e43452f90
Event: 88.845 Thread 0x0000016e5635e8d0 flushing  nmethod 0x0000016e43474090

Events (20 events):
Event: 79.263 Thread 0x0000016e9cb81e00 Thread added: 0x0000016e9cb7f010
Event: 81.452 Thread 0x0000016e563ce170 Thread added: 0x0000016e9ca534d0
Event: 82.399 Thread 0x0000016e9ca534d0 Thread exited: 0x0000016e9ca534d0
Event: 83.615 Thread 0x0000016e56369850 Thread added: 0x0000016e9dcead30
Event: 83.902 Thread 0x0000016e9dcead30 Thread exited: 0x0000016e9dcead30
Event: 84.143 Thread 0x0000016e9cb81e00 Thread added: 0x0000016e9cb7fd30
Event: 84.507 Thread 0x0000016e9cb7fd30 Thread added: 0x0000016e9cb803c0
Event: 84.925 Thread 0x0000016e563ce170 Thread added: 0x0000016e9d611440
Event: 86.539 Thread 0x0000016e9c954e90 Thread added: 0x0000016e9cb7f6a0
Event: 90.314 Thread 0x0000016e9c954e90 Thread added: 0x0000016e9cb810e0
Event: 90.556 Thread 0x0000016e9cb7fd30 Thread added: 0x0000016e9cf59680
Event: 90.802 Thread 0x0000016e9cf59680 Thread added: 0x0000016e9cf5b0c0
Event: 91.097 Thread 0x0000016e3d6c8d00 Thread added: 0x0000016e9cf5bde0
Event: 91.098 Thread 0x0000016e3d6c8d00 Thread added: 0x0000016e9cf5aa30
Event: 91.098 Thread 0x0000016e3d6c8d00 Thread added: 0x0000016e9cf5b750
Event: 91.098 Thread 0x0000016e3d6c8d00 Thread added: 0x0000016e9cf5a3a0
Event: 91.099 Thread 0x0000016e3d6c8d00 Thread added: 0x0000016e9cf59d10
Event: 91.128 Thread 0x0000016e3d6c8d00 Thread added: 0x0000016e9cf5c470
Event: 91.669 Thread 0x0000016e3d6c8d00 Thread added: 0x0000016e9cf5d820
Event: 91.669 Thread 0x0000016e3d6c8d00 Thread added: 0x0000016e9cf5deb0


Dynamic libraries:
0x00007ff73f610000 - 0x00007ff73f61e000 	c:\Users\Lenovo\.vscode\extensions\redhat.java-1.55.0-win32-x64\jre\21.0.11-win32-x86_64\bin\java.exe
0x00007ffa00e00000 - 0x00007ffa01066000 	C:\WINDOWS\SYSTEM32\ntdll.dll
0x00007ff9fedd0000 - 0x00007ff9fee99000 	C:\WINDOWS\System32\KERNEL32.DLL
0x00007ff9fe660000 - 0x00007ff9fea60000 	C:\WINDOWS\System32\KERNELBASE.dll
0x00007ff9fe230000 - 0x00007ff9fe37c000 	C:\WINDOWS\System32\ucrtbase.dll
0x00007ff9c1660000 - 0x00007ff9c1678000 	c:\Users\Lenovo\.vscode\extensions\redhat.java-1.55.0-win32-x64\jre\21.0.11-win32-x86_64\bin\jli.dll
0x00007ff9ff610000 - 0x00007ff9ff7d7000 	C:\WINDOWS\System32\USER32.dll
0x00007ff9fe0d0000 - 0x00007ff9fe0f7000 	C:\WINDOWS\System32\win32u.dll
0x00007ff9fef70000 - 0x00007ff9fef9b000 	C:\WINDOWS\System32\GDI32.dll
0x00007ff9fe100000 - 0x00007ff9fe229000 	C:\WINDOWS\System32\gdi32full.dll
0x00007ff9fe020000 - 0x00007ff9fe0c3000 	C:\WINDOWS\System32\msvcp_win.dll
0x00007ff9c5170000 - 0x00007ff9c518e000 	c:\Users\Lenovo\.vscode\extensions\redhat.java-1.55.0-win32-x64\jre\21.0.11-win32-x86_64\bin\VCRUNTIME140.dll
0x00007ff9ec370000 - 0x00007ff9ec602000 	C:\WINDOWS\WinSxS\amd64_microsoft.windows.common-controls_6595b64144ccf1df_6.0.26100.8737_none_3e092eaee333b772\COMCTL32.dll
0x00007ff9fefa0000 - 0x00007ff9ff049000 	C:\WINDOWS\System32\msvcrt.dll
0x00007ffa006f0000 - 0x00007ffa00722000 	C:\WINDOWS\System32\IMM32.DLL
0x00007ff9d2640000 - 0x00007ff9d264c000 	c:\Users\Lenovo\.vscode\extensions\redhat.java-1.55.0-win32-x64\jre\21.0.11-win32-x86_64\bin\vcruntime140_1.dll
0x00007ff995560000 - 0x00007ff9955ed000 	c:\Users\Lenovo\.vscode\extensions\redhat.java-1.55.0-win32-x64\jre\21.0.11-win32-x86_64\bin\msvcp140.dll
0x00007ff93b110000 - 0x00007ff93beb2000 	c:\Users\Lenovo\.vscode\extensions\redhat.java-1.55.0-win32-x64\jre\21.0.11-win32-x86_64\bin\server\jvm.dll
0x00007ff9feb30000 - 0x00007ff9febe7000 	C:\WINDOWS\System32\ADVAPI32.dll
0x00007ff9ff060000 - 0x00007ff9ff10a000 	C:\WINDOWS\System32\sechost.dll
0x00007ffa008c0000 - 0x00007ffa009d8000 	C:\WINDOWS\System32\RPCRT4.dll
0x00007ffa00660000 - 0x00007ffa006e0000 	C:\WINDOWS\System32\WS2_32.dll
0x00007ff9fdea0000 - 0x00007ff9fdefe000 	C:\WINDOWS\SYSTEM32\POWRPROF.dll
0x00007ff9f6a60000 - 0x00007ff9f6a96000 	C:\WINDOWS\SYSTEM32\WINMM.dll
0x00007ff9f6aa0000 - 0x00007ff9f6aab000 	C:\WINDOWS\SYSTEM32\VERSION.dll
0x00007ff9fde80000 - 0x00007ff9fde94000 	C:\WINDOWS\SYSTEM32\UMPDC.dll
0x00007ff9fcd00000 - 0x00007ff9fcd1b000 	C:\WINDOWS\SYSTEM32\kernel.appcore.dll
0x00007ff9dbad0000 - 0x00007ff9dbada000 	c:\Users\Lenovo\.vscode\extensions\redhat.java-1.55.0-win32-x64\jre\21.0.11-win32-x86_64\bin\jimage.dll
0x00007ff9fb880000 - 0x00007ff9fbac2000 	C:\WINDOWS\SYSTEM32\DBGHELP.DLL
0x00007ff9fff80000 - 0x00007ffa00303000 	C:\WINDOWS\System32\combase.dll
0x00007ffa003b0000 - 0x00007ffa00489000 	C:\WINDOWS\System32\OLEAUT32.dll
0x00007ff9e5050000 - 0x00007ff9e508b000 	C:\WINDOWS\SYSTEM32\dbgcore.DLL
0x00007ff9fe390000 - 0x00007ff9fe43c000 	C:\WINDOWS\System32\bcryptPrimitives.dll
0x00007ff9dbac0000 - 0x00007ff9dbacf000 	c:\Users\Lenovo\.vscode\extensions\redhat.java-1.55.0-win32-x64\jre\21.0.11-win32-x86_64\bin\instrument.dll
0x00007ff9d28e0000 - 0x00007ff9d2900000 	c:\Users\Lenovo\.vscode\extensions\redhat.java-1.55.0-win32-x64\jre\21.0.11-win32-x86_64\bin\java.dll
0x00007ff9ff7e0000 - 0x00007ff9fff72000 	C:\WINDOWS\System32\SHELL32.dll
0x00007ff9fbb00000 - 0x00007ff9fc392000 	C:\WINDOWS\SYSTEM32\windows.storage.dll
0x00007ffa009e0000 - 0x00007ffa00ad7000 	C:\WINDOWS\System32\SHCORE.dll
0x00007ff9ff110000 - 0x00007ff9ff177000 	C:\WINDOWS\System32\shlwapi.dll
0x00007ff9fdf40000 - 0x00007ff9fdf69000 	C:\WINDOWS\SYSTEM32\profapi.dll
0x00007ff9be150000 - 0x00007ff9be168000 	c:\Users\Lenovo\.vscode\extensions\redhat.java-1.55.0-win32-x64\jre\21.0.11-win32-x86_64\bin\zip.dll
0x00007ff9cfbc0000 - 0x00007ff9cfbd0000 	C:\Users\Lenovo\.vscode\extensions\redhat.java-1.55.0-win32-x64\jre\21.0.11-win32-x86_64\bin\net.dll
0x00007ff9f23e0000 - 0x00007ff9f2509000 	C:\WINDOWS\SYSTEM32\WINHTTP.dll
0x00007ff9fd2b0000 - 0x00007ff9fd31c000 	C:\WINDOWS\system32\mswsock.dll
0x00007ff9be130000 - 0x00007ff9be146000 	C:\Users\Lenovo\.vscode\extensions\redhat.java-1.55.0-win32-x64\jre\21.0.11-win32-x86_64\bin\nio.dll
0x00007ff9c9b90000 - 0x00007ff9c9ba0000 	c:\Users\Lenovo\.vscode\extensions\redhat.java-1.55.0-win32-x64\jre\21.0.11-win32-x86_64\bin\verify.dll
0x00007ff995a90000 - 0x00007ff995ad5000 	C:\Users\Lenovo\AppData\Roaming\Code\User\globalStorage\redhat.java\1.55.0\config_win\org.eclipse.equinox.launcher\org.eclipse.equinox.launcher.win32.win32.x86_64_1.3.100.v20260613-0559\eclipse_11924.dll
0x00007ffa00490000 - 0x00007ffa00629000 	C:\WINDOWS\System32\ole32.dll
0x00007ff9cfbd0000 - 0x00007ff9cfbda000 	C:\Users\Lenovo\.vscode\extensions\redhat.java-1.55.0-win32-x64\jre\21.0.11-win32-x86_64\bin\management.dll
0x00007ff9c9bb0000 - 0x00007ff9c9bbc000 	C:\Users\Lenovo\.vscode\extensions\redhat.java-1.55.0-win32-x64\jre\21.0.11-win32-x86_64\bin\management_ext.dll
0x00007ff9fef60000 - 0x00007ff9fef68000 	C:\WINDOWS\System32\PSAPI.DLL
0x00007ff9fd5b0000 - 0x00007ff9fd5cb000 	C:\WINDOWS\SYSTEM32\CRYPTSP.dll
0x00007ff9fcc60000 - 0x00007ff9fcc99000 	C:\WINDOWS\system32\rsaenh.dll
0x00007ff9fd370000 - 0x00007ff9fd3a2000 	C:\WINDOWS\SYSTEM32\USERENV.dll
0x00007ff9fdf10000 - 0x00007ff9fdf3a000 	C:\WINDOWS\SYSTEM32\bcrypt.dll
0x00007ff9fd5d0000 - 0x00007ff9fd5dc000 	C:\WINDOWS\SYSTEM32\CRYPTBASE.dll
0x00007ff9fc6d0000 - 0x00007ff9fc703000 	C:\WINDOWS\SYSTEM32\IPHLPAPI.DLL
0x00007ff9ff050000 - 0x00007ff9ff05a000 	C:\WINDOWS\System32\NSI.dll
0x00007ff9d2690000 - 0x00007ff9d26d9000 	C:\Users\Lenovo\AppData\Local\Temp\jna--2022488749\jna11261728770716886984.dll
0x00007ff9f33c0000 - 0x00007ff9f33dd000 	C:\WINDOWS\SYSTEM32\dhcpcsvc6.DLL
0x00007ff9f2010000 - 0x00007ff9f2035000 	C:\WINDOWS\SYSTEM32\dhcpcsvc.DLL
0x00007ff9d2680000 - 0x00007ff9d268e000 	C:\Users\Lenovo\.vscode\extensions\redhat.java-1.55.0-win32-x64\jre\21.0.11-win32-x86_64\bin\sunmscapi.dll
0x00007ff9fe450000 - 0x00007ff9fe5c8000 	C:\WINDOWS\System32\CRYPT32.dll
0x00007ff9fd7f0000 - 0x00007ff9fd820000 	C:\WINDOWS\SYSTEM32\ncrypt.dll
0x00007ff9fd7a0000 - 0x00007ff9fd7df000 	C:\WINDOWS\SYSTEM32\NTASN1.dll
0x00007ff9fc7c0000 - 0x00007ff9fc915000 	C:\WINDOWS\SYSTEM32\DNSAPI.dll
0x00007ff9fd0b0000 - 0x00007ff9fd0bd000 	C:\WINDOWS\SYSTEM32\DSPARSE.dll
0x00007ff9ec970000 - 0x00007ff9ec97b000 	C:\Windows\System32\rasadhlp.dll
0x00007ff9f0e40000 - 0x00007ff9f0ec6000 	C:\WINDOWS\System32\fwpuclnt.dll
0x00007ff9d2670000 - 0x00007ff9d2679000 	C:\Users\Lenovo\.vscode\extensions\redhat.java-1.55.0-win32-x64\jre\21.0.11-win32-x86_64\bin\extnet.dll

JVMTI agents:
c:\Users\Lenovo\.vscode\extensions\redhat.java-1.55.0-win32-x64\lombok\lombok-1.18.39-4050.jar path:c:\Users\Lenovo\.vscode\extensions\redhat.java-1.55.0-win32-x64\jre\21.0.11-win32-x86_64\bin\instrument.dll, loaded, initialized, instrumentlib options:none

dbghelp: loaded successfully - version: 4.0.5 - missing functions: none
symbol engine: initialized successfully - sym options: 0x614 - pdb path: .;c:\Users\Lenovo\.vscode\extensions\redhat.java-1.55.0-win32-x64\jre\21.0.11-win32-x86_64\bin;C:\WINDOWS\SYSTEM32;C:\WINDOWS\WinSxS\amd64_microsoft.windows.common-controls_6595b64144ccf1df_6.0.26100.8737_none_3e092eaee333b772;c:\Users\Lenovo\.vscode\extensions\redhat.java-1.55.0-win32-x64\jre\21.0.11-win32-x86_64\bin\server;C:\Users\Lenovo\AppData\Roaming\Code\User\globalStorage\redhat.java\1.55.0\config_win\org.eclipse.equinox.launcher\org.eclipse.equinox.launcher.win32.win32.x86_64_1.3.100.v20260613-0559;C:\Users\Lenovo\AppData\Local\Temp\jna--2022488749

VM Arguments:
jvm_args: --add-modules=ALL-SYSTEM --add-opens=java.base/java.util=ALL-UNNAMED --add-opens=java.base/java.lang=ALL-UNNAMED --add-opens=java.base/sun.nio.fs=ALL-UNNAMED -Declipse.application=org.eclipse.jdt.ls.core.id1 -Dosgi.bundles.defaultStartLevel=4 -Declipse.product=org.eclipse.jdt.ls.core.product -Djava.import.generatesMetadataFilesAtProjectRoot=false -DDetectVMInstallationsJob.disabled=true -Dfile.encoding=utf8 -XX:+UseParallelGC -XX:GCTimeRatio=4 -XX:AdaptiveSizePolicyWeight=90 -Dsun.zip.disableMemoryMapping=true -Xmx2G -Xms100m -Xlog:disable -javaagent:c:\Users\Lenovo\.vscode\extensions\redhat.java-1.55.0-win32-x64\lombok\lombok-1.18.39-4050.jar -XX:+HeapDumpOnOutOfMemoryError -XX:HeapDumpPath=c:\Users\Lenovo\AppData\Roaming\Code\User\workspaceStorage\e4f40532d8fa23a9e1e55259a715fcef\redhat.java -Daether.dependencyCollector.impl=bf 
java_command: c:\Users\Lenovo\.vscode\extensions\redhat.java-1.55.0-win32-x64\server\plugins\org.eclipse.equinox.launcher_1.7.200.v20260619-2039.jar -configuration c:\Users\Lenovo\AppData\Roaming\Code\User\globalStorage\redhat.java\1.55.0\config_win -data c:\Users\Lenovo\AppData\Roaming\Code\User\workspaceStorage\e4f40532d8fa23a9e1e55259a715fcef\redhat.java\jdt_ws --pipe=\\.\pipe\lsp-20ad890354eaf3e4f36442aa91a4b5d5-sock
java_class_path (initial): c:\Users\Lenovo\.vscode\extensions\redhat.java-1.55.0-win32-x64\server\plugins\org.eclipse.equinox.launcher_1.7.200.v20260619-2039.jar
Launcher Type: SUN_STANDARD

[Global flags]
    uintx AdaptiveSizePolicyWeight                 = 90                                        {product} {command line}
     intx CICompilerCount                          = 3                                         {product} {ergonomic}
    uintx GCTimeRatio                              = 4                                         {product} {command line}
     bool HeapDumpOnOutOfMemoryError               = true                                   {manageable} {command line}
    ccstr HeapDumpPath                             = c:\Users\Lenovo\AppData\Roaming\Code\User\workspaceStorage\e4f40532d8fa23a9e1e55259a715fcef\redhat.java         {manageable} {command line}
   size_t InitialHeapSize                          = 104857600                                 {product} {command line}
   size_t MaxHeapSize                              = 2147483648                                {product} {command line}
   size_t MaxNewSize                               = 715653120                                 {product} {ergonomic}
   size_t MinHeapDeltaBytes                        = 524288                                    {product} {ergonomic}
   size_t MinHeapSize                              = 104857600                                 {product} {command line}
   size_t NewSize                                  = 34603008                                  {product} {ergonomic}
    uintx NonNMethodCodeHeapSize                   = 5832780                                {pd product} {ergonomic}
    uintx NonProfiledCodeHeapSize                  = 122912730                              {pd product} {ergonomic}
   size_t OldSize                                  = 70254592                                  {product} {ergonomic}
    uintx ProfiledCodeHeapSize                     = 122912730                              {pd product} {ergonomic}
    uintx ReservedCodeCacheSize                    = 251658240                              {pd product} {ergonomic}
     bool SegmentedCodeCache                       = true                                      {product} {ergonomic}
   size_t SoftMaxHeapSize                          = 2147483648                             {manageable} {ergonomic}
     bool UseCompressedOops                        = true                           {product lp64_product} {ergonomic}
     bool UseLargePagesIndividualAllocation        = false                                  {pd product} {ergonomic}
     bool UseParallelGC                            = true                                      {product} {command line}

Logging:
Log output configuration:
 #0: stdout all=off uptime,level,tags foldmultilines=false
 #1: stderr all=off uptime,level,tags foldmultilines=false

Release file:
JAVA_VERSION="21.0.11" 
MODULES="java.base java.compiler java.datatransfer java.xml java.prefs java.desktop java.instrument java.logging java.management java.security.sasl java.naming java.rmi java.management.rmi java.net.http java.scripting java.security.jgss java.transaction.xa java.sql java.sql.rowset java.xml.crypto java.se java.smartcardio jdk.accessibility jdk.internal.jvmstat jdk.attach jdk.charsets jdk.internal.opt jdk.zipfs jdk.compiler jdk.crypto.ec jdk.crypto.cryptoki jdk.crypto.mscapi jdk.dynalink jdk.internal.ed jdk.editpad jdk.hotspot.agent jdk.httpserver jdk.internal.le jdk.internal.vm.ci jdk.internal.vm.compiler jdk.internal.vm.compiler.management jdk.jartool jdk.javadoc jdk.jcmd jdk.management jdk.management.agent jdk.jconsole jdk.jdeps jdk.jdwp.agent jdk.jdi jdk.jfr jdk.jshell jdk.jsobject jdk.jstatd jdk.localedata jdk.management.jfr jdk.naming.dns jdk.naming.rmi jdk.net jdk.nio.mapmode jdk.random jdk.sctp jdk.security.auth jdk.security.jgss jdk.unsupported jdk.unsupported.desktop jdk.xml.dom" 

Environment Variables:
PATH=C:\Users\Lenovo\Downloads\WINDOWS.X64_193000_db_home\bin;C:\Python312\Scripts\;C:\Python312\;C:\Program Files\Common Files\Oracle\Java\javapath;C:\WINDOWS\system32;C:\WINDOWS;C:\WINDOWS\System32\Wbem;C:\WINDOWS\System32\WindowsPowerShell\v1.0\;C:\WINDOWS\System32\OpenSSH\;C:\Program Files\Java\jdk-21\bin;C:\ProgramData\chocolatey\bin;C:\Program Files\Git\cmd;C:\Program Files\Git\mingw64\bin;C:\Program Files\Git\usr\bin;C:\Program Files\nodejs\;C:\Users\Lenovo\AppData\Local\Microsoft\WindowsApps;C:\Program Files\CodeBlocks\MinGW\bin;;C:\Users\Lenovo\AppData\Local\Programs\Microsoft VS Code\bin;C:\Program Files\JetBrains\PyCharm Community Edition 2024.2.4\bin;;C:\Users\Lenovo\AppData\Local\Programs\cursor\resources\app\bin;C:\Users\Lenovo\AppData\Roaming\npm
USERNAME=Lenovo
OS=Windows_NT
PROCESSOR_IDENTIFIER=AMD64 Family 23 Model 24 Stepping 1, AuthenticAMD
TMP=C:\Users\Lenovo\AppData\Local\Temp
TEMP=C:\Users\Lenovo\AppData\Local\Temp




Periodic native trim disabled

---------------  S Y S T E M  ---------------

OS:
 Windows 11 , 64 bit Build 26100 (10.0.26100.8737)
OS uptime: 4 days 20:28 hours

CPU: total 4 (initial active 4) (4 cores per cpu, 2 threads per core) family 23 model 24 stepping 1 microcode 0x8108109, cx8, cmov, fxsr, ht, mmx, 3dnowpref, sse, sse2, sse3, ssse3, sse4a, sse4.1, sse4.2, popcnt, lzcnt, tsc, tscinvbit, avx, avx2, aes, clmul, bmi1, bmi2, adx, sha, fma, vzeroupper, clflush, clflushopt, rdtscp, f16c
Processor Information for the first 4 processors :
  Max Mhz: 2600, Current Mhz: 2600, Mhz Limit: 2600

Memory: 4k page, system-wide physical 3460M (234M free)
TotalPageFile size 14212M (AvailPageFile size 4M)
current process WorkingSet (physical memory assigned to process): 211M, peak: 214M
current process commit charge ("private bytes"): 332M, peak: 334M

vm_info: OpenJDK 64-Bit Server VM (21.0.11+10-LTS) for windows-amd64 JRE (21.0.11+10-LTS), built on 2026-04-21T00:00:00Z by "admin" with MS VC++ 17.12 (VS2022)

END.
